[2025-07-11 03:23:51,458: INFO: common: YAML file loaded: config\config.yaml]
[2025-07-11 03:23:51,458: INFO: common: YAML file loaded: params.yaml]
[2025-07-11 03:23:51,458: INFO: common: Created directory: artifacts]
[2025-07-11 03:23:51,458: INFO: common: Created directory: artifacts\data_ingestion]
[2025-07-11 03:23:52,046: INFO: common: YAML file loaded: config\config.yaml]
[2025-07-11 03:23:52,046: INFO: common: YAML file loaded: params.yaml]
[2025-07-11 03:23:52,046: INFO: common: Created directory: artifacts]
[2025-07-11 03:23:52,086: INFO: common: YAML file loaded: config\schema.yaml]
[2025-07-11 03:23:52,094: INFO: common: YAML file loaded: config\config.yaml]
[2025-07-11 03:23:52,094: INFO: common: YAML file loaded: params.yaml]
[2025-07-11 03:23:52,094: INFO: common: Created directory: artifacts]
[2025-07-11 03:23:52,094: INFO: common: Created directory: artifacts/data_preprocessing]
[2025-07-11 03:23:52,094: INFO: stage_03_data_preprocessing: >>>>> Data Preprocessing Stage started <<<<<]
[2025-07-11 03:23:53,537: INFO: common: Created directory: artifacts\data_preprocessing]
[2025-07-11 03:23:53,595: INFO: stage_03_data_preprocessing: >>>>> Data Preprocessing Stage completed <<<<<

x==========x]
[2025-07-11 03:23:53,595: INFO: common: YAML file loaded: config\config.yaml]
[2025-07-11 03:23:53,601: INFO: common: YAML file loaded: params.yaml]
[2025-07-11 03:23:53,601: INFO: common: Created directory: artifacts]
[2025-07-11 03:23:53,603: INFO: common: Created directory: artifacts/feature_engineering]
[2025-07-11 03:23:53,819: INFO: common: YAML file loaded: config\config.yaml]
[2025-07-11 03:23:53,823: INFO: common: YAML file loaded: params.yaml]
[2025-07-11 03:23:53,824: INFO: common: Created directory: artifacts]
[2025-07-11 03:23:53,824: INFO: common: Created directory: artifacts\model_trainer]
[2025-07-11 03:23:56,850: INFO: model_trainer: Model and scaler saved to: artifacts/model_trainer]
[2025-07-11 03:23:56,859: INFO: common: YAML file loaded: config\config.yaml]
[2025-07-11 03:23:56,861: INFO: common: YAML file loaded: params.yaml]
[2025-07-11 03:23:56,861: INFO: common: Created directory: artifacts]
[2025-07-11 03:23:56,861: INFO: common: Created directory: artifacts\model_evaluation]
[2025-07-11 03:25:04,149: INFO: stage_01_data_ingestion: >>>>>> Stage Data Ingestion Stage started <<<<<<]
[2025-07-11 03:25:04,156: INFO: common: YAML file loaded: config\config.yaml]
[2025-07-11 03:25:04,156: INFO: common: YAML file loaded: params.yaml]
[2025-07-11 03:25:04,156: INFO: common: Created directory: artifacts]
[2025-07-11 03:25:04,160: INFO: common: Created directory: artifacts\data_ingestion]
[2025-07-11 03:25:04,641: INFO: stage_01_data_ingestion: >>>>>> Stage Data Ingestion Stage completed <<<<<<]
[2025-07-11 03:25:05,581: INFO: stage_02_data_validation: >>>>>> Data Validation Stage started <<<<<<]
[2025-07-11 03:25:05,592: INFO: common: YAML file loaded: config\config.yaml]
[2025-07-11 03:25:05,592: INFO: common: YAML file loaded: params.yaml]
[2025-07-11 03:25:05,592: INFO: common: Created directory: artifacts]
[2025-07-11 03:25:05,616: INFO: common: YAML file loaded: config\schema.yaml]
[2025-07-11 03:25:05,619: INFO: stage_02_data_validation: >>>>>> Data Validation Stage completed <<<<<<

]
[2025-07-11 03:25:06,449: INFO: common: YAML file loaded: config\config.yaml]
[2025-07-11 03:25:06,449: INFO: common: YAML file loaded: params.yaml]
[2025-07-11 03:25:06,449: INFO: common: Created directory: artifacts]
[2025-07-11 03:25:06,449: INFO: common: Created directory: artifacts/data_preprocessing]
[2025-07-11 03:25:06,449: INFO: stage_03_data_preprocessing: >>>>> Data Preprocessing Stage started <<<<<]
[2025-07-11 03:25:07,820: INFO: common: Created directory: artifacts\data_preprocessing]
[2025-07-11 03:25:07,880: INFO: stage_03_data_preprocessing: >>>>> Data Preprocessing Stage completed <<<<<

x==========x]
[2025-07-11 03:25:08,834: INFO: stage_04_feature_engineering: >>>>> Feature Engineering Stage started <<<<<]
[2025-07-11 03:25:08,836: INFO: common: YAML file loaded: config\config.yaml]
[2025-07-11 03:25:08,836: INFO: common: YAML file loaded: params.yaml]
[2025-07-11 03:25:08,836: INFO: common: Created directory: artifacts]
[2025-07-11 03:25:08,836: INFO: common: Created directory: artifacts/feature_engineering]
[2025-07-11 03:25:09,025: INFO: stage_04_feature_engineering: >>>>> Feature Engineering Stage completed <<<<<

x==========x]
[2025-07-11 03:25:10,775: INFO: stage_05_model_trainer: >>>>>> stage Model Trainer started <<<<<<]
[2025-07-11 03:25:10,775: INFO: common: YAML file loaded: config\config.yaml]
[2025-07-11 03:25:10,779: INFO: common: YAML file loaded: params.yaml]
[2025-07-11 03:25:10,779: INFO: common: Created directory: artifacts]
[2025-07-11 03:25:10,781: INFO: common: Created directory: artifacts\model_trainer]
[2025-07-11 03:25:13,242: INFO: model_trainer: Model and scaler saved to: artifacts/model_trainer]
[2025-07-11 03:25:13,244: INFO: stage_05_model_trainer: >>>>>> stage Model Trainer completed <<<<<<

x==========x]
[2025-07-11 03:25:16,283: INFO: stage_06_model_evaluation: \n==================== Model Evaluation Stage started ====================]
[2025-07-11 03:25:16,299: INFO: common: YAML file loaded: config\config.yaml]
[2025-07-11 03:25:16,299: INFO: common: YAML file loaded: params.yaml]
[2025-07-11 03:25:16,299: INFO: common: Created directory: artifacts]
[2025-07-11 03:25:16,299: INFO: common: Created directory: artifacts\model_evaluation]
[2025-07-11 03:25:22,808: INFO: stage_06_model_evaluation: ==================== Model Evaluation Stage completed ====================
]
